<?xml version="1.0" encoding="ISO-8859-1" ?>
<link_info>
   <banner>TI ARM Linker PC v20.2.6.LTS</banner>
   <copyright>Copyright (c) 1996-2018 Texas Instruments Incorporated</copyright>
   <link_time>0x6386ccd5</link_time>
   <link_errors>0x0</link_errors>
   <output_file>simple_track.out</output_file>
   <entry_point>
      <name>_c_int00_noargs</name>
      <address>0x33d9</address>
   </entry_point>
   <input_file_list>
      <input_file id="fl-2">
         <path>.\</path>
         <kind>object</kind>
         <file>Clock.obj</file>
         <name>Clock.obj</name>
      </input_file>
      <input_file id="fl-3">
         <path>.\</path>
         <kind>object</kind>
         <file>main.obj</file>
         <name>main.obj</name>
      </input_file>
      <input_file id="fl-4">
         <path>.\</path>
         <kind>object</kind>
         <file>startup_msp432p401r_ccs.obj</file>
         <name>startup_msp432p401r_ccs.obj</name>
      </input_file>
      <input_file id="fl-5">
         <path>.\</path>
         <kind>object</kind>
         <file>system_msp432p401r.obj</file>
         <name>system_msp432p401r.obj</name>
      </input_file>
      <input_file id="fl-9">
         <kind>object</kind>
         <file>&lt;internal&gt;</file>
         <name>&lt;internal&gt;</name>
      </input_file>
      <input_file id="fl-bf">
         <path>D:\ccs\tools\compiler\ti-cgt-arm_20.2.6.LTS\lib\</path>
         <kind>archive</kind>
         <file>rtsv7M4_T_le_v4SPD16_eabi.lib</file>
         <name>printf.c.obj</name>
      </input_file>
      <input_file id="fl-c0">
         <path>D:\ccs\tools\compiler\ti-cgt-arm_20.2.6.LTS\lib\</path>
         <kind>archive</kind>
         <file>rtsv7M4_T_le_v4SPD16_eabi.lib</file>
         <name>_printfi.c.obj</name>
      </input_file>
      <input_file id="fl-c1">
         <path>D:\ccs\tools\compiler\ti-cgt-arm_20.2.6.LTS\lib\</path>
         <kind>archive</kind>
         <file>rtsv7M4_T_le_v4SPD16_eabi.lib</file>
         <name>fputc.c.obj</name>
      </input_file>
      <input_file id="fl-c2">
         <path>D:\ccs\tools\compiler\ti-cgt-arm_20.2.6.LTS\lib\</path>
         <kind>archive</kind>
         <file>rtsv7M4_T_le_v4SPD16_eabi.lib</file>
         <name>fputs.c.obj</name>
      </input_file>
      <input_file id="fl-c3">
         <path>D:\ccs\tools\compiler\ti-cgt-arm_20.2.6.LTS\lib\</path>
         <kind>archive</kind>
         <file>rtsv7M4_T_le_v4SPD16_eabi.lib</file>
         <name>_io_perm.c.obj</name>
      </input_file>
      <input_file id="fl-c4">
         <path>D:\ccs\tools\compiler\ti-cgt-arm_20.2.6.LTS\lib\</path>
         <kind>archive</kind>
         <file>rtsv7M4_T_le_v4SPD16_eabi.lib</file>
         <name>setvbuf.c.obj</name>
      </input_file>
      <input_file id="fl-c5">
         <path>D:\ccs\tools\compiler\ti-cgt-arm_20.2.6.LTS\lib\</path>
         <kind>archive</kind>
         <file>rtsv7M4_T_le_v4SPD16_eabi.lib</file>
         <name>fd_add_t2.asm.obj</name>
      </input_file>
      <input_file id="fl-c6">
         <path>D:\ccs\tools\compiler\ti-cgt-arm_20.2.6.LTS\lib\</path>
         <kind>archive</kind>
         <file>rtsv7M4_T_le_v4SPD16_eabi.lib</file>
         <name>fd_cmp_t2.asm.obj</name>
      </input_file>
      <input_file id="fl-c7">
         <path>D:\ccs\tools\compiler\ti-cgt-arm_20.2.6.LTS\lib\</path>
         <kind>archive</kind>
         <file>rtsv7M4_T_le_v4SPD16_eabi.lib</file>
         <name>fd_div_t2.asm.obj</name>
      </input_file>
      <input_file id="fl-c8">
         <path>D:\ccs\tools\compiler\ti-cgt-arm_20.2.6.LTS\lib\</path>
         <kind>archive</kind>
         <file>rtsv7M4_T_le_v4SPD16_eabi.lib</file>
         <name>fd_mul_t2.asm.obj</name>
      </input_file>
      <input_file id="fl-c9">
         <path>D:\ccs\tools\compiler\ti-cgt-arm_20.2.6.LTS\lib\</path>
         <kind>archive</kind>
         <file>rtsv7M4_T_le_v4SPD16_eabi.lib</file>
         <name>fd_toi_t2.asm.obj</name>
      </input_file>
      <input_file id="fl-ca">
         <path>D:\ccs\tools\compiler\ti-cgt-arm_20.2.6.LTS\lib\</path>
         <kind>archive</kind>
         <file>rtsv7M4_T_le_v4SPD16_eabi.lib</file>
         <name>i_tofd_t2.asm.obj</name>
      </input_file>
      <input_file id="fl-cb">
         <path>D:\ccs\tools\compiler\ti-cgt-arm_20.2.6.LTS\lib\</path>
         <kind>archive</kind>
         <file>rtsv7M4_T_le_v4SPD16_eabi.lib</file>
         <name>memcpy_t2.asm.obj</name>
      </input_file>
      <input_file id="fl-cc">
         <path>D:\ccs\tools\compiler\ti-cgt-arm_20.2.6.LTS\lib\</path>
         <kind>archive</kind>
         <file>rtsv7M4_T_le_v4SPD16_eabi.lib</file>
         <name>memset_t2.asm.obj</name>
      </input_file>
      <input_file id="fl-cd">
         <path>D:\ccs\tools\compiler\ti-cgt-arm_20.2.6.LTS\lib\</path>
         <kind>archive</kind>
         <file>rtsv7M4_T_le_v4SPD16_eabi.lib</file>
         <name>ull_div_t2.asm.obj</name>
      </input_file>
      <input_file id="fl-ce">
         <path>D:\ccs\tools\compiler\ti-cgt-arm_20.2.6.LTS\lib\</path>
         <kind>archive</kind>
         <file>rtsv7M4_T_le_v4SPD16_eabi.lib</file>
         <name>copy_zero_init.c.obj</name>
      </input_file>
      <input_file id="fl-cf">
         <path>D:\ccs\tools\compiler\ti-cgt-arm_20.2.6.LTS\lib\</path>
         <kind>archive</kind>
         <file>rtsv7M4_T_le_v4SPD16_eabi.lib</file>
         <name>copy_decompress_none.c.obj</name>
      </input_file>
      <input_file id="fl-d0">
         <path>D:\ccs\tools\compiler\ti-cgt-arm_20.2.6.LTS\lib\</path>
         <kind>archive</kind>
         <file>rtsv7M4_T_le_v4SPD16_eabi.lib</file>
         <name>copy_decompress_lzss.c.obj</name>
      </input_file>
      <input_file id="fl-d1">
         <path>D:\ccs\tools\compiler\ti-cgt-arm_20.2.6.LTS\lib\</path>
         <kind>archive</kind>
         <file>rtsv7M4_T_le_v4SPD16_eabi.lib</file>
         <name>exit.c.obj</name>
      </input_file>
      <input_file id="fl-d2">
         <path>D:\ccs\tools\compiler\ti-cgt-arm_20.2.6.LTS\lib\</path>
         <kind>archive</kind>
         <file>rtsv7M4_T_le_v4SPD16_eabi.lib</file>
         <name>_lock.c.obj</name>
      </input_file>
      <input_file id="fl-d3">
         <path>D:\ccs\tools\compiler\ti-cgt-arm_20.2.6.LTS\lib\</path>
         <kind>archive</kind>
         <file>rtsv7M4_T_le_v4SPD16_eabi.lib</file>
         <name>_ltoa.c.obj</name>
      </input_file>
      <input_file id="fl-d4">
         <path>D:\ccs\tools\compiler\ti-cgt-arm_20.2.6.LTS\lib\</path>
         <kind>archive</kind>
         <file>rtsv7M4_T_le_v4SPD16_eabi.lib</file>
         <name>atoi.c.obj</name>
      </input_file>
      <input_file id="fl-d5">
         <path>D:\ccs\tools\compiler\ti-cgt-arm_20.2.6.LTS\lib\</path>
         <kind>archive</kind>
         <file>rtsv7M4_T_le_v4SPD16_eabi.lib</file>
         <name>ctype.c.obj</name>
      </input_file>
      <input_file id="fl-d6">
         <path>D:\ccs\tools\compiler\ti-cgt-arm_20.2.6.LTS\lib\</path>
         <kind>archive</kind>
         <file>rtsv7M4_T_le_v4SPD16_eabi.lib</file>
         <name>defs.c.obj</name>
      </input_file>
      <input_file id="fl-d7">
         <path>D:\ccs\tools\compiler\ti-cgt-arm_20.2.6.LTS\lib\</path>
         <kind>archive</kind>
         <file>rtsv7M4_T_le_v4SPD16_eabi.lib</file>
         <name>memccpy.c.obj</name>
      </input_file>
      <input_file id="fl-d8">
         <path>D:\ccs\tools\compiler\ti-cgt-arm_20.2.6.LTS\lib\</path>
         <kind>archive</kind>
         <file>rtsv7M4_T_le_v4SPD16_eabi.lib</file>
         <name>memchr.c.obj</name>
      </input_file>
      <input_file id="fl-d9">
         <path>D:\ccs\tools\compiler\ti-cgt-arm_20.2.6.LTS\lib\</path>
         <kind>archive</kind>
         <file>rtsv7M4_T_le_v4SPD16_eabi.lib</file>
         <name>memory.c.obj</name>
      </input_file>
      <input_file id="fl-da">
         <path>D:\ccs\tools\compiler\ti-cgt-arm_20.2.6.LTS\lib\</path>
         <kind>archive</kind>
         <file>rtsv7M4_T_le_v4SPD16_eabi.lib</file>
         <name>strchr.c.obj</name>
      </input_file>
      <input_file id="fl-db">
         <path>D:\ccs\tools\compiler\ti-cgt-arm_20.2.6.LTS\lib\</path>
         <kind>archive</kind>
         <file>rtsv7M4_T_le_v4SPD16_eabi.lib</file>
         <name>strlen.c.obj</name>
      </input_file>
      <input_file id="fl-dc">
         <path>D:\ccs\tools\compiler\ti-cgt-arm_20.2.6.LTS\lib\</path>
         <kind>archive</kind>
         <file>rtsv7M4_T_le_v4SPD16_eabi.lib</file>
         <name>write.c.obj</name>
      </input_file>
      <input_file id="fl-dd">
         <path>D:\ccs\tools\compiler\ti-cgt-arm_20.2.6.LTS\lib\</path>
         <kind>archive</kind>
         <file>rtsv7M4_T_le_v4SPD16_eabi.lib</file>
         <name>host_device.c.obj</name>
      </input_file>
      <input_file id="fl-de">
         <path>D:\ccs\tools\compiler\ti-cgt-arm_20.2.6.LTS\lib\</path>
         <kind>archive</kind>
         <file>rtsv7M4_T_le_v4SPD16_eabi.lib</file>
         <name>errno.c.obj</name>
      </input_file>
      <input_file id="fl-df">
         <path>D:\ccs\tools\compiler\ti-cgt-arm_20.2.6.LTS\lib\</path>
         <kind>archive</kind>
         <file>rtsv7M4_T_le_v4SPD16_eabi.lib</file>
         <name>boot_cortex_m.c.obj</name>
      </input_file>
      <input_file id="fl-e0">
         <path>D:\ccs\tools\compiler\ti-cgt-arm_20.2.6.LTS\lib\</path>
         <kind>archive</kind>
         <file>rtsv7M4_T_le_v4SPD16_eabi.lib</file>
         <name>s_frexp.c.obj</name>
      </input_file>
      <input_file id="fl-e1">
         <path>D:\ccs\tools\compiler\ti-cgt-arm_20.2.6.LTS\lib\</path>
         <kind>archive</kind>
         <file>rtsv7M4_T_le_v4SPD16_eabi.lib</file>
         <name>s_scalbn.c.obj</name>
      </input_file>
      <input_file id="fl-e2">
         <path>D:\ccs\tools\compiler\ti-cgt-arm_20.2.6.LTS\lib\</path>
         <kind>archive</kind>
         <file>rtsv7M4_T_le_v4SPD16_eabi.lib</file>
         <name>s_copysign.c.obj</name>
      </input_file>
      <input_file id="fl-e3">
         <path>D:\ccs\tools\compiler\ti-cgt-arm_20.2.6.LTS\lib\</path>
         <kind>archive</kind>
         <file>rtsv7M4_T_le_v4SPD16_eabi.lib</file>
         <name>wcslen.c.obj</name>
      </input_file>
      <input_file id="fl-e4">
         <path>D:\ccs\tools\compiler\ti-cgt-arm_20.2.6.LTS\lib\</path>
         <kind>archive</kind>
         <file>rtsv7M4_T_le_v4SPD16_eabi.lib</file>
         <name>fflush.c.obj</name>
      </input_file>
      <input_file id="fl-e5">
         <path>D:\ccs\tools\compiler\ti-cgt-arm_20.2.6.LTS\lib\</path>
         <kind>archive</kind>
         <file>rtsv7M4_T_le_v4SPD16_eabi.lib</file>
         <name>fopen.c.obj</name>
      </input_file>
      <input_file id="fl-e6">
         <path>D:\ccs\tools\compiler\ti-cgt-arm_20.2.6.LTS\lib\</path>
         <kind>archive</kind>
         <file>rtsv7M4_T_le_v4SPD16_eabi.lib</file>
         <name>fseek.c.obj</name>
      </input_file>
      <input_file id="fl-e7">
         <path>D:\ccs\tools\compiler\ti-cgt-arm_20.2.6.LTS\lib\</path>
         <kind>archive</kind>
         <file>rtsv7M4_T_le_v4SPD16_eabi.lib</file>
         <name>div0.asm.obj</name>
      </input_file>
      <input_file id="fl-e8">
         <path>D:\ccs\tools\compiler\ti-cgt-arm_20.2.6.LTS\lib\</path>
         <kind>archive</kind>
         <file>rtsv7M4_T_le_v4SPD16_eabi.lib</file>
         <name>autoinit.c.obj</name>
      </input_file>
      <input_file id="fl-e9">
         <path>D:\ccs\tools\compiler\ti-cgt-arm_20.2.6.LTS\lib\</path>
         <kind>archive</kind>
         <file>rtsv7M4_T_le_v4SPD16_eabi.lib</file>
         <name>pre_init.c.obj</name>
      </input_file>
      <input_file id="fl-ea">
         <path>D:\ccs\tools\compiler\ti-cgt-arm_20.2.6.LTS\lib\</path>
         <kind>archive</kind>
         <file>rtsv7M4_T_le_v4SPD16_eabi.lib</file>
         <name>cpy_tbl.c.obj</name>
      </input_file>
      <input_file id="fl-eb">
         <path>D:\ccs\tools\compiler\ti-cgt-arm_20.2.6.LTS\lib\</path>
         <kind>archive</kind>
         <file>rtsv7M4_T_le_v4SPD16_eabi.lib</file>
         <name>args_main.c.obj</name>
      </input_file>
      <input_file id="fl-ec">
         <path>D:\ccs\tools\compiler\ti-cgt-arm_20.2.6.LTS\lib\</path>
         <kind>archive</kind>
         <file>rtsv7M4_T_le_v4SPD16_eabi.lib</file>
         <name>hostclose.c.obj</name>
      </input_file>
      <input_file id="fl-ed">
         <path>D:\ccs\tools\compiler\ti-cgt-arm_20.2.6.LTS\lib\</path>
         <kind>archive</kind>
         <file>rtsv7M4_T_le_v4SPD16_eabi.lib</file>
         <name>hostlseek.c.obj</name>
      </input_file>
      <input_file id="fl-ee">
         <path>D:\ccs\tools\compiler\ti-cgt-arm_20.2.6.LTS\lib\</path>
         <kind>archive</kind>
         <file>rtsv7M4_T_le_v4SPD16_eabi.lib</file>
         <name>hostopen.c.obj</name>
      </input_file>
      <input_file id="fl-ef">
         <path>D:\ccs\tools\compiler\ti-cgt-arm_20.2.6.LTS\lib\</path>
         <kind>archive</kind>
         <file>rtsv7M4_T_le_v4SPD16_eabi.lib</file>
         <name>hostread.c.obj</name>
      </input_file>
      <input_file id="fl-f0">
         <path>D:\ccs\tools\compiler\ti-cgt-arm_20.2.6.LTS\lib\</path>
         <kind>archive</kind>
         <file>rtsv7M4_T_le_v4SPD16_eabi.lib</file>
         <name>hostrename.c.obj</name>
      </input_file>
      <input_file id="fl-f1">
         <path>D:\ccs\tools\compiler\ti-cgt-arm_20.2.6.LTS\lib\</path>
         <kind>archive</kind>
         <file>rtsv7M4_T_le_v4SPD16_eabi.lib</file>
         <name>hostunlink.c.obj</name>
      </input_file>
      <input_file id="fl-f2">
         <path>D:\ccs\tools\compiler\ti-cgt-arm_20.2.6.LTS\lib\</path>
         <kind>archive</kind>
         <file>rtsv7M4_T_le_v4SPD16_eabi.lib</file>
         <name>hostwrite.c.obj</name>
      </input_file>
      <input_file id="fl-f3">
         <path>D:\ccs\tools\compiler\ti-cgt-arm_20.2.6.LTS\lib\</path>
         <kind>archive</kind>
         <file>rtsv7M4_T_le_v4SPD16_eabi.lib</file>
         <name>trgmsg.c.obj</name>
      </input_file>
      <input_file id="fl-f4">
         <path>D:\ccs\tools\compiler\ti-cgt-arm_20.2.6.LTS\lib\</path>
         <kind>archive</kind>
         <file>rtsv7M4_T_le_v4SPD16_eabi.lib</file>
         <name>open.c.obj</name>
      </input_file>
      <input_file id="fl-f5">
         <path>D:\ccs\tools\compiler\ti-cgt-arm_20.2.6.LTS\lib\</path>
         <kind>archive</kind>
         <file>rtsv7M4_T_le_v4SPD16_eabi.lib</file>
         <name>lseek.c.obj</name>
      </input_file>
      <input_file id="fl-f6">
         <path>D:\ccs\tools\compiler\ti-cgt-arm_20.2.6.LTS\lib\</path>
         <kind>archive</kind>
         <file>rtsv7M4_T_le_v4SPD16_eabi.lib</file>
         <name>fclose.c.obj</name>
      </input_file>
      <input_file id="fl-f7">
         <path>D:\ccs\tools\compiler\ti-cgt-arm_20.2.6.LTS\lib\</path>
         <kind>archive</kind>
         <file>rtsv7M4_T_le_v4SPD16_eabi.lib</file>
         <name>getdevice.c.obj</name>
      </input_file>
      <input_file id="fl-f8">
         <path>D:\ccs\tools\compiler\ti-cgt-arm_20.2.6.LTS\lib\</path>
         <kind>archive</kind>
         <file>rtsv7M4_T_le_v4SPD16_eabi.lib</file>
         <name>strcmp.c.obj</name>
      </input_file>
      <input_file id="fl-f9">
         <path>D:\ccs\tools\compiler\ti-cgt-arm_20.2.6.LTS\lib\</path>
         <kind>archive</kind>
         <file>rtsv7M4_T_le_v4SPD16_eabi.lib</file>
         <name>strcpy.c.obj</name>
      </input_file>
      <input_file id="fl-fa">
         <path>D:\ccs\tools\compiler\ti-cgt-arm_20.2.6.LTS\lib\</path>
         <kind>archive</kind>
         <file>rtsv7M4_T_le_v4SPD16_eabi.lib</file>
         <name>strncpy.c.obj</name>
      </input_file>
      <input_file id="fl-fb">
         <path>D:\ccs\tools\compiler\ti-cgt-arm_20.2.6.LTS\lib\</path>
         <kind>archive</kind>
         <file>rtsv7M4_T_le_v4SPD16_eabi.lib</file>
         <name>remove.c.obj</name>
      </input_file>
      <input_file id="fl-fc">
         <path>D:\ccs\tools\compiler\ti-cgt-arm_20.2.6.LTS\lib\</path>
         <kind>archive</kind>
         <file>rtsv7M4_T_le_v4SPD16_eabi.lib</file>
         <name>close.c.obj</name>
      </input_file>
      <input_file id="fl-fd">
         <path>D:\ccs\tools\compiler\ti-cgt-arm_20.2.6.LTS\lib\</path>
         <kind>archive</kind>
         <file>rtsv7M4_T_le_v4SPD16_eabi.lib</file>
         <name>unlink.c.obj</name>
      </input_file>
   </input_file_list>
   <object_component_list>
      <object_component id="oc-26">
         <name>.intvecs:retain</name>
         <load_address>0x0</load_address>
         <run_address>0x0</run_address>
         <size>0xe4</size>
         <input_file_ref idref="fl-4"/>
      </object_component>
      <object_component id="oc-130">
         <name>.text:__TI_printfi</name>
         <load_address>0xe4</load_address>
         <run_address>0xe4</run_address>
         <size>0xa4e</size>
         <input_file_ref idref="fl-c0"/>
      </object_component>
      <object_component id="oc-1d1">
         <name>.text:_nop</name>
         <load_address>0xb32</load_address>
         <run_address>0xb32</run_address>
         <size>0x2</size>
         <input_file_ref idref="fl-d2"/>
      </object_component>
      <object_component id="oc-70">
         <name>.text</name>
         <load_address>0xb34</load_address>
         <run_address>0xb34</run_address>
         <size>0x64c</size>
         <input_file_ref idref="fl-3"/>
      </object_component>
      <object_component id="oc-ac">
         <name>.text</name>
         <load_address>0x1180</load_address>
         <run_address>0x1180</run_address>
         <size>0x334</size>
         <input_file_ref idref="fl-5"/>
      </object_component>
      <object_component id="oc-1ad">
         <name>.text:_pconv_a</name>
         <load_address>0x14b4</load_address>
         <run_address>0x14b4</run_address>
         <size>0x270</size>
         <input_file_ref idref="fl-c0"/>
      </object_component>
      <object_component id="oc-bf">
         <name>.text</name>
         <load_address>0x1724</load_address>
         <run_address>0x1724</run_address>
         <size>0x1e0</size>
         <input_file_ref idref="fl-2"/>
      </object_component>
      <object_component id="oc-19b">
         <name>.text:_pconv_g</name>
         <load_address>0x1904</load_address>
         <run_address>0x1904</run_address>
         <size>0x1d0</size>
         <input_file_ref idref="fl-c0"/>
      </object_component>
      <object_component id="oc-241">
         <name>.text</name>
         <load_address>0x1ad4</load_address>
         <run_address>0x1ad4</run_address>
         <size>0x1b6</size>
         <input_file_ref idref="fl-c5"/>
      </object_component>
      <object_component id="oc-2c7">
         <name>.text</name>
         <load_address>0x1c8a</load_address>
         <run_address>0x1c8a</run_address>
         <size>0x2</size>
         <input_file_ref idref="fl-e7"/>
      </object_component>
      <object_component id="oc-1a7">
         <name>.text:_pconv_e</name>
         <load_address>0x1c8c</load_address>
         <run_address>0x1c8c</run_address>
         <size>0x13c</size>
         <input_file_ref idref="fl-c0"/>
      </object_component>
      <object_component id="oc-227">
         <name>.text</name>
         <load_address>0x1dc8</load_address>
         <run_address>0x1dc8</run_address>
         <size>0x136</size>
         <input_file_ref idref="fl-c7"/>
      </object_component>
      <object_component id="oc-253">
         <name>.text:fcvt</name>
         <load_address>0x1f00</load_address>
         <run_address>0x1f00</run_address>
         <size>0x124</size>
         <input_file_ref idref="fl-c0"/>
      </object_component>
      <object_component id="oc-1df">
         <name>.text:fputs</name>
         <load_address>0x2024</load_address>
         <run_address>0x2024</run_address>
         <size>0x114</size>
         <input_file_ref idref="fl-c2"/>
      </object_component>
      <object_component id="oc-267">
         <name>.text:scalbn</name>
         <load_address>0x2138</load_address>
         <run_address>0x2138</run_address>
         <size>0x110</size>
         <input_file_ref idref="fl-e1"/>
      </object_component>
      <object_component id="oc-372">
         <name>.text:aligned_alloc</name>
         <load_address>0x2248</load_address>
         <run_address>0x2248</run_address>
         <size>0x100</size>
         <input_file_ref idref="fl-d9"/>
      </object_component>
      <object_component id="oc-222">
         <name>.text</name>
         <load_address>0x2348</load_address>
         <run_address>0x2348</run_address>
         <size>0xfc</size>
         <input_file_ref idref="fl-c8"/>
      </object_component>
      <object_component id="oc-330">
         <name>.text:free</name>
         <load_address>0x2444</load_address>
         <run_address>0x2444</run_address>
         <size>0xe4</size>
         <input_file_ref idref="fl-d9"/>
      </object_component>
      <object_component id="oc-302">
         <name>.text:setvbuf</name>
         <load_address>0x2528</load_address>
         <run_address>0x2528</run_address>
         <size>0xdc</size>
         <input_file_ref idref="fl-c4"/>
      </object_component>
      <object_component id="oc-190">
         <name>.text:_ltostr</name>
         <load_address>0x2604</load_address>
         <run_address>0x2604</run_address>
         <size>0xb1</size>
         <input_file_ref idref="fl-c0"/>
      </object_component>
      <object_component id="oc-3a">
         <name>.text</name>
         <load_address>0x26b6</load_address>
         <run_address>0x26b6</run_address>
         <size>0x9c</size>
         <input_file_ref idref="fl-cb"/>
      </object_component>
      <object_component id="oc-21b">
         <name>.text</name>
         <load_address>0x2752</load_address>
         <run_address>0x2752</run_address>
         <size>0x96</size>
         <input_file_ref idref="fl-cd"/>
      </object_component>
      <object_component id="oc-1e6">
         <name>.text:fputc</name>
         <load_address>0x27e8</load_address>
         <run_address>0x27e8</run_address>
         <size>0x8c</size>
         <input_file_ref idref="fl-c1"/>
      </object_component>
      <object_component id="oc-196">
         <name>.text:__aeabi_cdcmple</name>
         <load_address>0x2874</load_address>
         <run_address>0x2874</run_address>
         <size>0x86</size>
         <input_file_ref idref="fl-c6"/>
      </object_component>
      <object_component id="oc-22c">
         <name>.text:__aeabi_cdrcmple</name>
         <load_address>0x28fa</load_address>
         <run_address>0x28fa</run_address>
         <size>0x86</size>
         <input_file_ref idref="fl-c6"/>
      </object_component>
      <object_component id="oc-94">
         <name>.text</name>
         <load_address>0x2980</load_address>
         <run_address>0x2980</run_address>
         <size>0x7a</size>
         <input_file_ref idref="fl-cc"/>
      </object_component>
      <object_component id="oc-379">
         <name>.text:__TI_closefile</name>
         <load_address>0x29fc</load_address>
         <run_address>0x29fc</run_address>
         <size>0x74</size>
         <input_file_ref idref="fl-f6"/>
      </object_component>
      <object_component id="oc-3ba">
         <name>.text:split</name>
         <load_address>0x2a70</load_address>
         <run_address>0x2a70</run_address>
         <size>0x70</size>
         <input_file_ref idref="fl-d9"/>
      </object_component>
      <object_component id="oc-24c">
         <name>.text:_mcpy</name>
         <load_address>0x2ae0</load_address>
         <run_address>0x2ae0</run_address>
         <size>0x6e</size>
         <input_file_ref idref="fl-c0"/>
      </object_component>
      <object_component id="oc-3a9">
         <name>.text:HOSTrename</name>
         <load_address>0x2b50</load_address>
         <run_address>0x2b50</run_address>
         <size>0x6c</size>
         <input_file_ref idref="fl-f0"/>
      </object_component>
      <object_component id="oc-39d">
         <name>.text:HOSTlseek</name>
         <load_address>0x2bbc</load_address>
         <run_address>0x2bbc</run_address>
         <size>0x68</size>
         <input_file_ref idref="fl-ed"/>
      </object_component>
      <object_component id="oc-17">
         <name>.text:decompress:lzss:__TI_decompress_lzss</name>
         <load_address>0x2c24</load_address>
         <run_address>0x2c24</run_address>
         <size>0x68</size>
         <input_file_ref idref="fl-d0"/>
      </object_component>
      <object_component id="oc-b3">
         <name>.text:printf</name>
         <load_address>0x2c8c</load_address>
         <run_address>0x2c8c</run_address>
         <size>0x68</size>
         <input_file_ref idref="fl-bf"/>
      </object_component>
      <object_component id="oc-261">
         <name>.text:frexp</name>
         <load_address>0x2cf4</load_address>
         <run_address>0x2cf4</run_address>
         <size>0x64</size>
         <input_file_ref idref="fl-e0"/>
      </object_component>
      <object_component id="oc-2fc">
         <name>.text:fseek</name>
         <load_address>0x2d58</load_address>
         <run_address>0x2d58</run_address>
         <size>0x64</size>
         <input_file_ref idref="fl-e6"/>
      </object_component>
      <object_component id="oc-298">
         <name>.text:__TI_wrt_ok</name>
         <load_address>0x2dbc</load_address>
         <run_address>0x2dbc</run_address>
         <size>0x62</size>
         <input_file_ref idref="fl-c3"/>
      </object_component>
      <object_component id="oc-385">
         <name>.text:HOSTopen</name>
         <load_address>0x2e20</load_address>
         <run_address>0x2e20</run_address>
         <size>0x60</size>
         <input_file_ref idref="fl-ee"/>
      </object_component>
      <object_component id="oc-3c1">
         <name>.text:close</name>
         <load_address>0x2e80</load_address>
         <run_address>0x2e80</run_address>
         <size>0x5c</size>
         <input_file_ref idref="fl-fc"/>
      </object_component>
      <object_component id="oc-391">
         <name>.text:HOSTread</name>
         <load_address>0x2edc</load_address>
         <run_address>0x2edc</run_address>
         <size>0x58</size>
         <input_file_ref idref="fl-ef"/>
      </object_component>
      <object_component id="oc-397">
         <name>.text:HOSTwrite</name>
         <load_address>0x2f34</load_address>
         <run_address>0x2f34</run_address>
         <size>0x58</size>
         <input_file_ref idref="fl-f2"/>
      </object_component>
      <object_component id="oc-1a1">
         <name>.text:_pconv_f</name>
         <load_address>0x2f8c</load_address>
         <run_address>0x2f8c</run_address>
         <size>0x56</size>
         <input_file_ref idref="fl-c0"/>
      </object_component>
      <object_component id="oc-236">
         <name>.text:__TI_ltoa</name>
         <load_address>0x2fe2</load_address>
         <run_address>0x2fe2</run_address>
         <size>0x54</size>
         <input_file_ref idref="fl-d3"/>
      </object_component>
      <object_component id="oc-246">
         <name>.text:_ecpy</name>
         <load_address>0x3036</load_address>
         <run_address>0x3036</run_address>
         <size>0x52</size>
         <input_file_ref idref="fl-c0"/>
      </object_component>
      <object_component id="oc-2a4">
         <name>.text:__TI_doflush</name>
         <load_address>0x3088</load_address>
         <run_address>0x3088</run_address>
         <size>0x4c</size>
         <input_file_ref idref="fl-e4"/>
      </object_component>
      <object_component id="oc-18a">
         <name>.text:atoi</name>
         <load_address>0x30d4</load_address>
         <run_address>0x30d4</run_address>
         <size>0x4c</size>
         <input_file_ref idref="fl-d4"/>
      </object_component>
      <object_component id="oc-f4">
         <name>.text:exit</name>
         <load_address>0x3120</load_address>
         <run_address>0x3120</run_address>
         <size>0x48</size>
         <input_file_ref idref="fl-d1"/>
      </object_component>
      <object_component id="oc-231">
         <name>.text</name>
         <load_address>0x3168</load_address>
         <run_address>0x3168</run_address>
         <size>0x48</size>
         <input_file_ref idref="fl-c9"/>
      </object_component>
      <object_component id="oc-38b">
         <name>.text:HOSTclose</name>
         <load_address>0x31b0</load_address>
         <run_address>0x31b0</run_address>
         <size>0x44</size>
         <input_file_ref idref="fl-ec"/>
      </object_component>
      <object_component id="oc-3a3">
         <name>.text:HOSTunlink</name>
         <load_address>0x31f4</load_address>
         <run_address>0x31f4</run_address>
         <size>0x44</size>
         <input_file_ref idref="fl-f1"/>
      </object_component>
      <object_component id="oc-fa">
         <name>.text:__TI_auto_init_nobinit_nopinit:__TI_auto_init_nobinit_nopinit</name>
         <load_address>0x3238</load_address>
         <run_address>0x3238</run_address>
         <size>0x44</size>
         <input_file_ref idref="fl-e8"/>
      </object_component>
      <object_component id="oc-3f9">
         <name>.text:getdevice</name>
         <load_address>0x327c</load_address>
         <run_address>0x327c</run_address>
         <size>0x44</size>
         <input_file_ref idref="fl-f7"/>
      </object_component>
      <object_component id="oc-259">
         <name>.text:_fcpy</name>
         <load_address>0x32c0</load_address>
         <run_address>0x32c0</run_address>
         <size>0x3e</size>
         <input_file_ref idref="fl-c0"/>
      </object_component>
      <object_component id="oc-3d2">
         <name>.text:__TI_writemsg</name>
         <load_address>0x3300</load_address>
         <run_address>0x3300</run_address>
         <size>0x38</size>
         <input_file_ref idref="fl-f3"/>
      </object_component>
      <object_component id="oc-41b">
         <name>.text:strncpy</name>
         <load_address>0x3338</load_address>
         <run_address>0x3338</run_address>
         <size>0x36</size>
         <input_file_ref idref="fl-fa"/>
      </object_component>
      <object_component id="oc-33c">
         <name>.text:__TI_cleanup</name>
         <load_address>0x3370</load_address>
         <run_address>0x3370</run_address>
         <size>0x34</size>
         <input_file_ref idref="fl-e5"/>
      </object_component>
      <object_component id="oc-3d8">
         <name>.text:__TI_readmsg</name>
         <load_address>0x33a4</load_address>
         <run_address>0x33a4</run_address>
         <size>0x34</size>
         <input_file_ref idref="fl-f3"/>
      </object_component>
      <object_component id="oc-58">
         <name>.text:_c_int00_noargs:_c_int00_noargs</name>
         <load_address>0x33d8</load_address>
         <run_address>0x33d8</run_address>
         <size>0x34</size>
         <input_file_ref idref="fl-df"/>
      </object_component>
      <object_component id="oc-421">
         <name>.text:finddevice</name>
         <load_address>0x340c</load_address>
         <run_address>0x340c</run_address>
         <size>0x30</size>
         <input_file_ref idref="fl-f7"/>
      </object_component>
      <object_component id="oc-23c">
         <name>.text</name>
         <load_address>0x343c</load_address>
         <run_address>0x343c</run_address>
         <size>0x2e</size>
         <input_file_ref idref="fl-ca"/>
      </object_component>
      <object_component id="oc-3c7">
         <name>.text:unlink</name>
         <load_address>0x346c</load_address>
         <run_address>0x346c</run_address>
         <size>0x2c</size>
         <input_file_ref idref="fl-fd"/>
      </object_component>
      <object_component id="oc-36b">
         <name>.text:free_list_insert</name>
         <load_address>0x3498</load_address>
         <run_address>0x3498</run_address>
         <size>0x28</size>
         <input_file_ref idref="fl-d9"/>
      </object_component>
      <object_component id="oc-328">
         <name>.text:lseek</name>
         <load_address>0x34c0</load_address>
         <run_address>0x34c0</run_address>
         <size>0x28</size>
         <input_file_ref idref="fl-f5"/>
      </object_component>
      <object_component id="oc-2aa">
         <name>.text:write</name>
         <load_address>0x34e8</load_address>
         <run_address>0x34e8</run_address>
         <size>0x28</size>
         <input_file_ref idref="fl-dc"/>
      </object_component>
      <object_component id="oc-29e">
         <name>.text:memchr</name>
         <load_address>0x3510</load_address>
         <run_address>0x3510</run_address>
         <size>0x20</size>
         <input_file_ref idref="fl-d8"/>
      </object_component>
      <object_component id="oc-46">
         <name>.text:decompress:ZI:__TI_zero_init_nomemset:__TI_zero_init_nomemset</name>
         <load_address>0x3530</load_address>
         <run_address>0x3530</run_address>
         <size>0x1c</size>
         <input_file_ref idref="fl-ce"/>
      </object_component>
      <object_component id="oc-365">
         <name>.text:free_list_remove</name>
         <load_address>0x354c</load_address>
         <run_address>0x354c</run_address>
         <size>0x1c</size>
         <input_file_ref idref="fl-d9"/>
      </object_component>
      <object_component id="oc-1b3">
         <name>.text:memccpy</name>
         <load_address>0x3568</load_address>
         <run_address>0x3568</run_address>
         <size>0x1c</size>
         <input_file_ref idref="fl-d7"/>
      </object_component>
      <object_component id="oc-2e0">
         <name>.text:copysign</name>
         <load_address>0x3584</load_address>
         <run_address>0x3584</run_address>
         <size>0x1a</size>
         <input_file_ref idref="fl-e2"/>
      </object_component>
      <object_component id="oc-438">
         <name>.text:strcmp</name>
         <load_address>0x359e</load_address>
         <run_address>0x359e</run_address>
         <size>0x18</size>
         <input_file_ref idref="fl-f8"/>
      </object_component>
      <object_component id="oc-26d">
         <name>.text:strchr</name>
         <load_address>0x35b6</load_address>
         <run_address>0x35b6</run_address>
         <size>0x16</size>
         <input_file_ref idref="fl-da"/>
      </object_component>
      <object_component id="oc-3ec">
         <name>.text:strcpy</name>
         <load_address>0x35cc</load_address>
         <run_address>0x35cc</run_address>
         <size>0x14</size>
         <input_file_ref idref="fl-f9"/>
      </object_component>
      <object_component id="oc-184">
         <name>.text:strlen</name>
         <load_address>0x35e0</load_address>
         <run_address>0x35e0</run_address>
         <size>0x14</size>
         <input_file_ref idref="fl-db"/>
      </object_component>
      <object_component id="oc-1b9">
         <name>.text:wcslen</name>
         <load_address>0x35f4</load_address>
         <run_address>0x35f4</run_address>
         <size>0x12</size>
         <input_file_ref idref="fl-e3"/>
      </object_component>
      <object_component id="oc-1d">
         <name>.text:decompress:none:__TI_decompress_none</name>
         <load_address>0x3606</load_address>
         <run_address>0x3606</run_address>
         <size>0xe</size>
         <input_file_ref idref="fl-cf"/>
      </object_component>
      <object_component id="oc-6a">
         <name>.text</name>
         <load_address>0x3614</load_address>
         <run_address>0x3614</run_address>
         <size>0xe</size>
         <input_file_ref idref="fl-4"/>
      </object_component>
      <object_component id="oc-1bf">
         <name>.text:__aeabi_errno_addr</name>
         <load_address>0x3624</load_address>
         <run_address>0x3624</run_address>
         <size>0x8</size>
         <input_file_ref idref="fl-de"/>
      </object_component>
      <object_component id="oc-336">
         <name>.text:malloc</name>
         <load_address>0x362c</load_address>
         <run_address>0x362c</run_address>
         <size>0x8</size>
         <input_file_ref idref="fl-d9"/>
      </object_component>
      <object_component id="oc-142">
         <name>.text:_outc</name>
         <load_address>0x3634</load_address>
         <run_address>0x3634</run_address>
         <size>0x4</size>
         <input_file_ref idref="fl-bf"/>
      </object_component>
      <object_component id="oc-13c">
         <name>.text:_outs</name>
         <load_address>0x3638</load_address>
         <run_address>0x3638</run_address>
         <size>0x4</size>
         <input_file_ref idref="fl-bf"/>
      </object_component>
      <object_component id="oc-9a">
         <name>.text:_system_pre_init</name>
         <load_address>0x363c</load_address>
         <run_address>0x363c</run_address>
         <size>0x4</size>
         <input_file_ref idref="fl-e9"/>
      </object_component>
      <object_component id="oc-ee">
         <name>.text:abort:abort</name>
         <load_address>0x3640</load_address>
         <run_address>0x3640</run_address>
         <size>0x4</size>
         <input_file_ref idref="fl-d1"/>
      </object_component>
      <object_component id="oc-216">
         <name>.const:.string:_ctypes_</name>
         <load_address>0x3644</load_address>
         <run_address>0x3644</run_address>
         <size>0x101</size>
         <input_file_ref idref="fl-d5"/>
      </object_component>
      <object_component id="oc-478">
         <name>.cinit..data.load</name>
         <load_address>0x3748</load_address>
         <run_address>0x3748</run_address>
         <size>0x6f</size>
      </object_component>
      <object_component id="oc-476">
         <name>__TI_handler_table</name>
         <load_address>0x37b8</load_address>
         <run_address>0x37b8</run_address>
         <size>0xc</size>
      </object_component>
      <object_component id="oc-479">
         <name>.cinit..bss.load</name>
         <load_address>0x37c8</load_address>
         <run_address>0x37c8</run_address>
         <size>0x8</size>
      </object_component>
      <object_component id="oc-477">
         <name>__TI_cinit_table</name>
         <load_address>0x37d0</load_address>
         <run_address>0x37d0</run_address>
         <size>0x10</size>
      </object_component>
      <object_component id="oc-44a">
         <name>.binit</name>
         <load_address>0x0</load_address>
         <run_address>0x0</run_address>
         <size>0x0</size>
      </object_component>
      <object_component id="oc-15b">
         <name>.data</name>
         <load_address>0x200005b8</load_address>
         <run_address>0x200005b8</run_address>
         <size>0x18</size>
         <input_file_ref idref="fl-2"/>
      </object_component>
      <object_component id="oc-12c">
         <name>.data</name>
         <load_address>0x20000600</load_address>
         <run_address>0x20000600</run_address>
         <size>0x4</size>
         <input_file_ref idref="fl-5"/>
      </object_component>
      <object_component id="oc-166">
         <name>.data:$O1$$</name>
         <load_address>0x200005e0</load_address>
         <run_address>0x200005e0</run_address>
         <size>0xc</size>
         <input_file_ref idref="fl-d1"/>
      </object_component>
      <object_component id="oc-136">
         <name>.data:$O1$$</name>
         <load_address>0x200005ec</load_address>
         <run_address>0x200005ec</run_address>
         <size>0x8</size>
         <input_file_ref idref="fl-d2"/>
      </object_component>
      <object_component id="oc-139">
         <name>.data:_ftable</name>
         <load_address>0x20000400</load_address>
         <run_address>0x20000400</run_address>
         <size>0xf0</size>
         <input_file_ref idref="fl-d6"/>
      </object_component>
      <object_component id="oc-37f">
         <name>.data</name>
         <load_address>0x200005d0</load_address>
         <run_address>0x200005d0</run_address>
         <size>0x10</size>
         <input_file_ref idref="fl-d6"/>
      </object_component>
      <object_component id="oc-3b5">
         <name>.data:$O1$$</name>
         <load_address>0x200005f4</load_address>
         <run_address>0x200005f4</run_address>
         <size>0x8</size>
         <input_file_ref idref="fl-d9"/>
      </object_component>
      <object_component id="oc-34f">
         <name>.data:_device</name>
         <load_address>0x200004f0</load_address>
         <run_address>0x200004f0</run_address>
         <size>0x78</size>
         <input_file_ref idref="fl-dd"/>
      </object_component>
      <object_component id="oc-30e">
         <name>.data:_stream</name>
         <load_address>0x20000568</load_address>
         <run_address>0x20000568</run_address>
         <size>0x50</size>
         <input_file_ref idref="fl-dd"/>
      </object_component>
      <object_component id="oc-27d">
         <name>.data</name>
         <load_address>0x200005fc</load_address>
         <run_address>0x200005fc</run_address>
         <size>0x4</size>
         <input_file_ref idref="fl-de"/>
      </object_component>
      <object_component id="oc-403">
         <name>.bss:_CIOBUF_</name>
         <uninitialized>true</uninitialized>
         <run_address>0x20000604</run_address>
         <size>0x120</size>
         <input_file_ref idref="fl-f3"/>
      </object_component>
      <object_component id="oc-b9">
         <name>.common:period_left</name>
         <uninitialized>true</uninitialized>
         <run_address>0x200007d4</run_address>
         <size>0x2</size>
      </object_component>
      <object_component id="oc-bc">
         <name>.common:period_right</name>
         <uninitialized>true</uninitialized>
         <run_address>0x200007d6</run_address>
         <size>0x2</size>
      </object_component>
      <object_component id="oc-bd">
         <name>.common:left_count</name>
         <uninitialized>true</uninitialized>
         <run_address>0x200007cc</run_address>
         <size>0x4</size>
      </object_component>
      <object_component id="oc-be">
         <name>.common:right_count</name>
         <uninitialized>true</uninitialized>
         <run_address>0x200007d0</run_address>
         <size>0x4</size>
      </object_component>
      <object_component id="oc-3cd">
         <name>.common:__TI_tmpnams</name>
         <uninitialized>true</uninitialized>
         <run_address>0x20000724</run_address>
         <size>0xa0</size>
      </object_component>
      <object_component id="oc-3de">
         <name>.common:parmbuf</name>
         <uninitialized>true</uninitialized>
         <run_address>0x200007c4</run_address>
         <size>0x8</size>
      </object_component>
      <object_component id="oc-29">
         <name>.sysmem</name>
         <uninitialized>true</uninitialized>
         <run_address>0x20000000</run_address>
         <size>0x10</size>
         <input_file_ref idref="fl-d9"/>
      </object_component>
      <object_component id="oc-47c">
         <name>.sysmem</name>
         <uninitialized>true</uninitialized>
         <run_address>0x20000000</run_address>
         <size>0x0</size>
      </object_component>
      <object_component id="oc-2c">
         <name>.stack</name>
         <uninitialized>true</uninitialized>
         <run_address>0x2000fe00</run_address>
         <size>0x4</size>
         <input_file_ref idref="fl-df"/>
      </object_component>
      <object_component id="oc-47b">
         <name>.stack</name>
         <uninitialized>true</uninitialized>
         <run_address>0x2000fe00</run_address>
         <size>0x0</size>
      </object_component>
      <object_component id="oc-164">
         <name>.debug_info</name>
         <load_address>0x0</load_address>
         <run_address>0x0</run_address>
         <size>0x527</size>
         <input_file_ref idref="fl-2"/>
      </object_component>
      <object_component id="oc-15c">
         <name>.debug_info</name>
         <load_address>0x527</load_address>
         <run_address>0x527</run_address>
         <size>0x183</size>
         <input_file_ref idref="fl-2"/>
      </object_component>
      <object_component id="oc-c3">
         <name>.debug_info</name>
         <load_address>0x6aa</load_address>
         <run_address>0x6aa</run_address>
         <size>0x2a7</size>
         <input_file_ref idref="fl-2"/>
      </object_component>
      <object_component id="oc-1f8">
         <name>.debug_info</name>
         <load_address>0x951</load_address>
         <run_address>0x951</run_address>
         <size>0x37e2</size>
         <input_file_ref idref="fl-2"/>
      </object_component>
      <object_component id="oc-cd">
         <name>.debug_info</name>
         <load_address>0x4133</load_address>
         <run_address>0x4133</run_address>
         <size>0x26b</size>
         <input_file_ref idref="fl-2"/>
      </object_component>
      <object_component id="oc-156">
         <name>.debug_info</name>
         <load_address>0x439e</load_address>
         <run_address>0x439e</run_address>
         <size>0x1055</size>
         <input_file_ref idref="fl-2"/>
      </object_component>
      <object_component id="oc-35">
         <name>.debug_info</name>
         <load_address>0x53f3</load_address>
         <run_address>0x53f3</run_address>
         <size>0x84</size>
         <input_file_ref idref="fl-2"/>
      </object_component>
      <object_component id="oc-15f">
         <name>.debug_info</name>
         <load_address>0x5477</load_address>
         <run_address>0x5477</run_address>
         <size>0x2a4</size>
         <input_file_ref idref="fl-2"/>
      </object_component>
      <object_component id="oc-c6">
         <name>.debug_info</name>
         <load_address>0x571b</load_address>
         <run_address>0x571b</run_address>
         <size>0xbb</size>
         <input_file_ref idref="fl-2"/>
      </object_component>
      <object_component id="oc-ba">
         <name>.debug_info</name>
         <load_address>0x57d6</load_address>
         <run_address>0x57d6</run_address>
         <size>0x6c9</size>
         <input_file_ref idref="fl-3"/>
      </object_component>
      <object_component id="oc-71">
         <name>.debug_info</name>
         <load_address>0x5e9f</load_address>
         <run_address>0x5e9f</run_address>
         <size>0xa15</size>
         <input_file_ref idref="fl-3"/>
      </object_component>
      <object_component id="oc-151">
         <name>.debug_info</name>
         <load_address>0x68b4</load_address>
         <run_address>0x68b4</run_address>
         <size>0x37e2</size>
         <input_file_ref idref="fl-3"/>
      </object_component>
      <object_component id="oc-14a">
         <name>.debug_info</name>
         <load_address>0xa096</load_address>
         <run_address>0xa096</run_address>
         <size>0x2c</size>
         <input_file_ref idref="fl-3"/>
      </object_component>
      <object_component id="oc-78">
         <name>.debug_info</name>
         <load_address>0xa0c2</load_address>
         <run_address>0xa0c2</run_address>
         <size>0x2c6</size>
         <input_file_ref idref="fl-4"/>
      </object_component>
      <object_component id="oc-27">
         <name>.debug_info</name>
         <load_address>0xa388</load_address>
         <run_address>0xa388</run_address>
         <size>0xf2</size>
         <input_file_ref idref="fl-4"/>
      </object_component>
      <object_component id="oc-6d">
         <name>.debug_info</name>
         <load_address>0xa47a</load_address>
         <run_address>0xa47a</run_address>
         <size>0x1b9</size>
         <input_file_ref idref="fl-4"/>
      </object_component>
      <object_component id="oc-12d">
         <name>.debug_info</name>
         <load_address>0xa633</load_address>
         <run_address>0xa633</run_address>
         <size>0xeb</size>
         <input_file_ref idref="fl-5"/>
      </object_component>
      <object_component id="oc-ae">
         <name>.debug_info</name>
         <load_address>0xa71e</load_address>
         <run_address>0xa71e</run_address>
         <size>0x25d</size>
         <input_file_ref idref="fl-5"/>
      </object_component>
      <object_component id="oc-149">
         <name>.debug_info</name>
         <load_address>0xa97b</load_address>
         <run_address>0xa97b</run_address>
         <size>0x3e5</size>
         <input_file_ref idref="fl-bf"/>
      </object_component>
      <object_component id="oc-143">
         <name>.debug_info</name>
         <load_address>0xad60</load_address>
         <run_address>0xad60</run_address>
         <size>0x157</size>
         <input_file_ref idref="fl-bf"/>
      </object_component>
      <object_component id="oc-13e">
         <name>.debug_info</name>
         <load_address>0xaeb7</load_address>
         <run_address>0xaeb7</run_address>
         <size>0x166</size>
         <input_file_ref idref="fl-bf"/>
      </object_component>
      <object_component id="oc-b5">
         <name>.debug_info</name>
         <load_address>0xb01d</load_address>
         <run_address>0xb01d</run_address>
         <size>0x1ac</size>
         <input_file_ref idref="fl-bf"/>
      </object_component>
      <object_component id="oc-1ef">
         <name>.debug_info</name>
         <load_address>0xb1c9</load_address>
         <run_address>0xb1c9</run_address>
         <size>0xb2</size>
         <input_file_ref idref="fl-bf"/>
      </object_component>
      <object_component id="oc-1c6">
         <name>.debug_info</name>
         <load_address>0xb27b</load_address>
         <run_address>0xb27b</run_address>
         <size>0x590</size>
         <input_file_ref idref="fl-c0"/>
      </object_component>
      <object_component id="oc-191">
         <name>.debug_info</name>
         <load_address>0xb80b</load_address>
         <run_address>0xb80b</run_address>
         <size>0x21e</size>
         <input_file_ref idref="fl-c0"/>
      </object_component>
      <object_component id="oc-247">
         <name>.debug_info</name>
         <load_address>0xba29</load_address>
         <run_address>0xba29</run_address>
         <size>0x1b3</size>
         <input_file_ref idref="fl-c0"/>
      </object_component>
      <object_component id="oc-24d">
         <name>.debug_info</name>
         <load_address>0xbbdc</load_address>
         <run_address>0xbbdc</run_address>
         <size>0x21b</size>
         <input_file_ref idref="fl-c0"/>
      </object_component>
      <object_component id="oc-19c">
         <name>.debug_info</name>
         <load_address>0xbdf7</load_address>
         <run_address>0xbdf7</run_address>
         <size>0x3c0</size>
         <input_file_ref idref="fl-c0"/>
      </object_component>
      <object_component id="oc-254">
         <name>.debug_info</name>
         <load_address>0xc1b7</load_address>
         <run_address>0xc1b7</run_address>
         <size>0x30a</size>
         <input_file_ref idref="fl-c0"/>
      </object_component>
      <object_component id="oc-25a">
         <name>.debug_info</name>
         <load_address>0xc4c1</load_address>
         <run_address>0xc4c1</run_address>
         <size>0x215</size>
         <input_file_ref idref="fl-c0"/>
      </object_component>
      <object_component id="oc-1a2">
         <name>.debug_info</name>
         <load_address>0xc6d6</load_address>
         <run_address>0xc6d6</run_address>
         <size>0x215</size>
         <input_file_ref idref="fl-c0"/>
      </object_component>
      <object_component id="oc-1a8">
         <name>.debug_info</name>
         <load_address>0xc8eb</load_address>
         <run_address>0xc8eb</run_address>
         <size>0x304</size>
         <input_file_ref idref="fl-c0"/>
      </object_component>
      <object_component id="oc-1ae">
         <name>.debug_info</name>
         <load_address>0xcbef</load_address>
         <run_address>0xcbef</run_address>
         <size>0x4b5</size>
         <input_file_ref idref="fl-c0"/>
      </object_component>
      <object_component id="oc-131">
         <name>.debug_info</name>
         <load_address>0xd0a4</load_address>
         <run_address>0xd0a4</run_address>
         <size>0x5f4</size>
         <input_file_ref idref="fl-c0"/>
      </object_component>
      <object_component id="oc-1c7">
         <name>.debug_info</name>
         <load_address>0xd698</load_address>
         <run_address>0xd698</run_address>
         <size>0x86</size>
         <input_file_ref idref="fl-c0"/>
      </object_component>
      <object_component id="oc-289">
         <name>.debug_info</name>
         <load_address>0xd71e</load_address>
         <run_address>0xd71e</run_address>
         <size>0x39</size>
         <input_file_ref idref="fl-c0"/>
      </object_component>
      <object_component id="oc-2f7">
         <name>.debug_info</name>
         <load_address>0xd757</load_address>
         <run_address>0xd757</run_address>
         <size>0xb6</size>
         <input_file_ref idref="fl-c0"/>
      </object_component>
      <object_component id="oc-28e">
         <name>.debug_info</name>
         <load_address>0xd80d</load_address>
         <run_address>0xd80d</run_address>
         <size>0x46</size>
         <input_file_ref idref="fl-c0"/>
      </object_component>
      <object_component id="oc-1cc">
         <name>.debug_info</name>
         <load_address>0xd853</load_address>
         <run_address>0xd853</run_address>
         <size>0x46</size>
         <input_file_ref idref="fl-c0"/>
      </object_component>
      <object_component id="oc-284">
         <name>.debug_info</name>
         <load_address>0xd899</load_address>
         <run_address>0xd899</run_address>
         <size>0x2c</size>
         <input_file_ref idref="fl-c0"/>
      </object_component>
      <object_component id="oc-2b3">
         <name>.debug_info</name>
         <load_address>0xd8c5</load_address>
         <run_address>0xd8c5</run_address>
         <size>0x383</size>
         <input_file_ref idref="fl-c1"/>
      </object_component>
      <object_component id="oc-1e9">
         <name>.debug_info</name>
         <load_address>0xdc48</load_address>
         <run_address>0xdc48</run_address>
         <size>0x1ea</size>
         <input_file_ref idref="fl-c1"/>
      </object_component>
      <object_component id="oc-2b1">
         <name>.debug_info</name>
         <load_address>0xde32</load_address>
         <run_address>0xde32</run_address>
         <size>0x3fc</size>
         <input_file_ref idref="fl-c2"/>
      </object_component>
      <object_component id="oc-1e0">
         <name>.debug_info</name>
         <load_address>0xe22e</load_address>
         <run_address>0xe22e</run_address>
         <size>0x2e2</size>
         <input_file_ref idref="fl-c2"/>
      </object_component>
      <object_component id="oc-e5">
         <name>.debug_info</name>
         <load_address>0xe510</load_address>
         <run_address>0xe510</run_address>
         <size>0x2c</size>
         <input_file_ref idref="fl-c2"/>
      </object_component>
      <object_component id="oc-309">
         <name>.debug_info</name>
         <load_address>0xe53c</load_address>
         <run_address>0xe53c</run_address>
         <size>0x300</size>
         <input_file_ref idref="fl-c3"/>
      </object_component>
      <object_component id="oc-29c">
         <name>.debug_info</name>
         <load_address>0xe83c</load_address>
         <run_address>0xe83c</run_address>
         <size>0x19c</size>
         <input_file_ref idref="fl-c3"/>
      </object_component>
      <object_component id="oc-344">
         <name>.debug_info</name>
         <load_address>0xe9d8</load_address>
         <run_address>0xe9d8</run_address>
         <size>0xbf</size>
         <input_file_ref idref="fl-c3"/>
      </object_component>
      <object_component id="oc-343">
         <name>.debug_info</name>
         <load_address>0xea97</load_address>
         <run_address>0xea97</run_address>
         <size>0x374</size>
         <input_file_ref idref="fl-c4"/>
      </object_component>
      <object_component id="oc-303">
         <name>.debug_info</name>
         <load_address>0xee0b</load_address>
         <run_address>0xee0b</run_address>
         <size>0x20b</size>
         <input_file_ref idref="fl-c4"/>
      </object_component>
      <object_component id="oc-242">
         <name>.debug_info</name>
         <load_address>0xf016</load_address>
         <run_address>0xf016</run_address>
         <size>0x14c</size>
         <input_file_ref idref="fl-c5"/>
      </object_component>
      <object_component id="oc-199">
         <name>.debug_info</name>
         <load_address>0xf162</load_address>
         <run_address>0xf162</run_address>
         <size>0x128</size>
         <input_file_ref idref="fl-c6"/>
      </object_component>
      <object_component id="oc-22f">
         <name>.debug_info</name>
         <load_address>0xf28a</load_address>
         <run_address>0xf28a</run_address>
         <size>0x12a</size>
         <input_file_ref idref="fl-c6"/>
      </object_component>
      <object_component id="oc-228">
         <name>.debug_info</name>
         <load_address>0xf3b4</load_address>
         <run_address>0xf3b4</run_address>
         <size>0x13a</size>
         <input_file_ref idref="fl-c7"/>
      </object_component>
      <object_component id="oc-224">
         <name>.debug_info</name>
         <load_address>0xf4ee</load_address>
         <run_address>0xf4ee</run_address>
         <size>0x13a</size>
         <input_file_ref idref="fl-c8"/>
      </object_component>
      <object_component id="oc-233">
         <name>.debug_info</name>
         <load_address>0xf628</load_address>
         <run_address>0xf628</run_address>
         <size>0x12e</size>
         <input_file_ref idref="fl-c9"/>
      </object_component>
      <object_component id="oc-23f">
         <name>.debug_info</name>
         <load_address>0xf756</load_address>
         <run_address>0xf756</run_address>
         <size>0x12c</size>
         <input_file_ref idref="fl-ca"/>
      </object_component>
      <object_component id="oc-3d">
         <name>.debug_info</name>
         <load_address>0xf882</load_address>
         <run_address>0xf882</run_address>
         <size>0x119</size>
         <input_file_ref idref="fl-cb"/>
      </object_component>
      <object_component id="oc-95">
         <name>.debug_info</name>
         <load_address>0xf99b</load_address>
         <run_address>0xf99b</run_address>
         <size>0x147</size>
         <input_file_ref idref="fl-cc"/>
      </object_component>
      <object_component id="oc-21c">
         <name>.debug_info</name>
         <load_address>0xfae2</load_address>
         <run_address>0xfae2</run_address>
         <size>0x134</size>
         <input_file_ref idref="fl-cd"/>
      </object_component>
      <object_component id="oc-93">
         <name>.debug_info</name>
         <load_address>0xfc16</load_address>
         <run_address>0xfc16</run_address>
         <size>0x2d4</size>
         <input_file_ref idref="fl-ce"/>
      </object_component>
      <object_component id="oc-49">
         <name>.debug_info</name>
         <load_address>0xfeea</load_address>
         <run_address>0xfeea</run_address>
         <size>0x1d2</size>
         <input_file_ref idref="fl-ce"/>
      </object_component>
      <object_component id="oc-8e">
         <name>.debug_info</name>
         <load_address>0x100bc</load_address>
         <run_address>0x100bc</run_address>
         <size>0x46</size>
         <input_file_ref idref="fl-ce"/>
      </object_component>
      <object_component id="oc-45">
         <name>.debug_info</name>
         <load_address>0x10102</load_address>
         <run_address>0x10102</run_address>
         <size>0x2a8</size>
         <input_file_ref idref="fl-cf"/>
      </object_component>
      <object_component id="oc-1e">
         <name>.debug_info</name>
         <load_address>0x103aa</load_address>
         <run_address>0x103aa</run_address>
         <size>0x1ea</size>
         <input_file_ref idref="fl-cf"/>
      </object_component>
      <object_component id="oc-40">
         <name>.debug_info</name>
         <load_address>0x10594</load_address>
         <run_address>0x10594</run_address>
         <size>0x46</size>
         <input_file_ref idref="fl-cf"/>
      </object_component>
      <object_component id="oc-86">
         <name>.debug_info</name>
         <load_address>0x105da</load_address>
         <run_address>0x105da</run_address>
         <size>0x2c</size>
         <input_file_ref idref="fl-cf"/>
      </object_component>
      <object_component id="oc-84">
         <name>.debug_info</name>
         <load_address>0x10606</load_address>
         <run_address>0x10606</run_address>
         <size>0x29e</size>
         <input_file_ref idref="fl-d0"/>
      </object_component>
      <object_component id="oc-1a">
         <name>.debug_info</name>
         <load_address>0x108a4</load_address>
         <run_address>0x108a4</run_address>
         <size>0x250</size>
         <input_file_ref idref="fl-d0"/>
      </object_component>
      <object_component id="oc-30">
         <name>.debug_info</name>
         <load_address>0x10af4</load_address>
         <run_address>0x10af4</run_address>
         <size>0x60</size>
         <input_file_ref idref="fl-d0"/>
      </object_component>
      <object_component id="oc-de">
         <name>.debug_info</name>
         <load_address>0x10b54</load_address>
         <run_address>0x10b54</run_address>
         <size>0x46</size>
         <input_file_ref idref="fl-d0"/>
      </object_component>
      <object_component id="oc-7f">
         <name>.debug_info</name>
         <load_address>0x10b9a</load_address>
         <run_address>0x10b9a</run_address>
         <size>0x39</size>
         <input_file_ref idref="fl-d0"/>
      </object_component>
      <object_component id="oc-16a">
         <name>.debug_info</name>
         <load_address>0x10bd3</load_address>
         <run_address>0x10bd3</run_address>
         <size>0x3ad</size>
         <input_file_ref idref="fl-d1"/>
      </object_component>
      <object_component id="oc-167">
         <name>.debug_info</name>
         <load_address>0x10f80</load_address>
         <run_address>0x10f80</run_address>
         <size>0x190</size>
         <input_file_ref idref="fl-d1"/>
      </object_component>
      <object_component id="oc-f2">
         <name>.debug_info</name>
         <load_address>0x11110</load_address>
         <run_address>0x11110</run_address>
         <size>0x122</size>
         <input_file_ref idref="fl-d1"/>
      </object_component>
      <object_component id="oc-f5">
         <name>.debug_info</name>
         <load_address>0x11232</load_address>
         <run_address>0x11232</run_address>
         <size>0x184</size>
         <input_file_ref idref="fl-d1"/>
      </object_component>
      <object_component id="oc-1d9">
         <name>.debug_info</name>
         <load_address>0x113b6</load_address>
         <run_address>0x113b6</run_address>
         <size>0x2c9</size>
         <input_file_ref idref="fl-d2"/>
      </object_component>
      <object_component id="oc-137">
         <name>.debug_info</name>
         <load_address>0x1167f</load_address>
         <run_address>0x1167f</run_address>
         <size>0x11e</size>
         <input_file_ref idref="fl-d2"/>
      </object_component>
      <object_component id="oc-1d4">
         <name>.debug_info</name>
         <load_address>0x1179d</load_address>
         <run_address>0x1179d</run_address>
         <size>0x12e</size>
         <input_file_ref idref="fl-d2"/>
      </object_component>
      <object_component id="oc-2d2">
         <name>.debug_info</name>
         <load_address>0x118cb</load_address>
         <run_address>0x118cb</run_address>
         <size>0x29c</size>
         <input_file_ref idref="fl-d3"/>
      </object_component>
      <object_component id="oc-237">
         <name>.debug_info</name>
         <load_address>0x11b67</load_address>
         <run_address>0x11b67</run_address>
         <size>0x1da</size>
         <input_file_ref idref="fl-d3"/>
      </object_component>
      <object_component id="oc-21a">
         <name>.debug_info</name>
         <load_address>0x11d41</load_address>
         <run_address>0x11d41</run_address>
         <size>0x2b9</size>
         <input_file_ref idref="fl-d4"/>
      </object_component>
      <object_component id="oc-18d">
         <name>.debug_info</name>
         <load_address>0x11ffa</load_address>
         <run_address>0x11ffa</run_address>
         <size>0x17c</size>
         <input_file_ref idref="fl-d4"/>
      </object_component>
      <object_component id="oc-2c4">
         <name>.debug_info</name>
         <load_address>0x12176</load_address>
         <run_address>0x12176</run_address>
         <size>0xf9</size>
         <input_file_ref idref="fl-d5"/>
      </object_component>
      <object_component id="oc-217">
         <name>.debug_info</name>
         <load_address>0x1226f</load_address>
         <run_address>0x1226f</run_address>
         <size>0x105</size>
         <input_file_ref idref="fl-d5"/>
      </object_component>
      <object_component id="oc-1dd">
         <name>.debug_info</name>
         <load_address>0x12374</load_address>
         <run_address>0x12374</run_address>
         <size>0x144</size>
         <input_file_ref idref="fl-d6"/>
      </object_component>
      <object_component id="oc-13a">
         <name>.debug_info</name>
         <load_address>0x124b8</load_address>
         <run_address>0x124b8</run_address>
         <size>0x102</size>
         <input_file_ref idref="fl-d6"/>
      </object_component>
      <object_component id="oc-380">
         <name>.debug_info</name>
         <load_address>0x125ba</load_address>
         <run_address>0x125ba</run_address>
         <size>0x18f</size>
         <input_file_ref idref="fl-d6"/>
      </object_component>
      <object_component id="oc-275">
         <name>.debug_info</name>
         <load_address>0x12749</load_address>
         <run_address>0x12749</run_address>
         <size>0x2a7</size>
         <input_file_ref idref="fl-d7"/>
      </object_component>
      <object_component id="oc-1b6">
         <name>.debug_info</name>
         <load_address>0x129f0</load_address>
         <run_address>0x129f0</run_address>
         <size>0x1b8</size>
         <input_file_ref idref="fl-d7"/>
      </object_component>
      <object_component id="oc-30b">
         <name>.debug_info</name>
         <load_address>0x12ba8</load_address>
         <run_address>0x12ba8</run_address>
         <size>0x2a5</size>
         <input_file_ref idref="fl-d8"/>
      </object_component>
      <object_component id="oc-2a2">
         <name>.debug_info</name>
         <load_address>0x12e4d</load_address>
         <run_address>0x12e4d</run_address>
         <size>0x25d</size>
         <input_file_ref idref="fl-d8"/>
      </object_component>
      <object_component id="oc-7b">
         <name>.debug_info</name>
         <load_address>0x130aa</load_address>
         <run_address>0x130aa</run_address>
         <size>0x3b2</size>
         <input_file_ref idref="fl-d9"/>
      </object_component>
      <object_component id="oc-2a">
         <name>.debug_info</name>
         <load_address>0x1345c</load_address>
         <run_address>0x1345c</run_address>
         <size>0x10c</size>
         <input_file_ref idref="fl-d9"/>
      </object_component>
      <object_component id="oc-3b6">
         <name>.debug_info</name>
         <load_address>0x13568</load_address>
         <run_address>0x13568</run_address>
         <size>0x13f</size>
         <input_file_ref idref="fl-d9"/>
      </object_component>
      <object_component id="oc-337">
         <name>.debug_info</name>
         <load_address>0x136a7</load_address>
         <run_address>0x136a7</run_address>
         <size>0x168</size>
         <input_file_ref idref="fl-d9"/>
      </object_component>
      <object_component id="oc-366">
         <name>.debug_info</name>
         <load_address>0x1380f</load_address>
         <run_address>0x1380f</run_address>
         <size>0x18e</size>
         <input_file_ref idref="fl-d9"/>
      </object_component>
      <object_component id="oc-36c">
         <name>.debug_info</name>
         <load_address>0x1399d</load_address>
         <run_address>0x1399d</run_address>
         <size>0x19f</size>
         <input_file_ref idref="fl-d9"/>
      </object_component>
      <object_component id="oc-331">
         <name>.debug_info</name>
         <load_address>0x13b3c</load_address>
         <run_address>0x13b3c</run_address>
         <size>0x203</size>
         <input_file_ref idref="fl-d9"/>
      </object_component>
      <object_component id="oc-3bc">
         <name>.debug_info</name>
         <load_address>0x13d3f</load_address>
         <run_address>0x13d3f</run_address>
         <size>0x1db</size>
         <input_file_ref idref="fl-d9"/>
      </object_component>
      <object_component id="oc-374">
         <name>.debug_info</name>
         <load_address>0x13f1a</load_address>
         <run_address>0x13f1a</run_address>
         <size>0x299</size>
         <input_file_ref idref="fl-d9"/>
      </object_component>
      <object_component id="oc-d9">
         <name>.debug_info</name>
         <load_address>0x141b3</load_address>
         <run_address>0x141b3</run_address>
         <size>0xb2</size>
         <input_file_ref idref="fl-d9"/>
      </object_component>
      <object_component id="oc-d4">
         <name>.debug_info</name>
         <load_address>0x14265</load_address>
         <run_address>0x14265</run_address>
         <size>0x2c</size>
         <input_file_ref idref="fl-d9"/>
      </object_component>
      <object_component id="oc-2e9">
         <name>.debug_info</name>
         <load_address>0x14291</load_address>
         <run_address>0x14291</run_address>
         <size>0x29a</size>
         <input_file_ref idref="fl-da"/>
      </object_component>
      <object_component id="oc-26f">
         <name>.debug_info</name>
         <load_address>0x1452b</load_address>
         <run_address>0x1452b</run_address>
         <size>0x262</size>
         <input_file_ref idref="fl-da"/>
      </object_component>
      <object_component id="oc-215">
         <name>.debug_info</name>
         <load_address>0x1478d</load_address>
         <run_address>0x1478d</run_address>
         <size>0x28f</size>
         <input_file_ref idref="fl-db"/>
      </object_component>
      <object_component id="oc-186">
         <name>.debug_info</name>
         <load_address>0x14a1c</load_address>
         <run_address>0x14a1c</run_address>
         <size>0x245</size>
         <input_file_ref idref="fl-db"/>
      </object_component>
      <object_component id="oc-312">
         <name>.debug_info</name>
         <load_address>0x14c61</load_address>
         <run_address>0x14c61</run_address>
         <size>0x397</size>
         <input_file_ref idref="fl-dc"/>
      </object_component>
      <object_component id="oc-2ad">
         <name>.debug_info</name>
         <load_address>0x14ff8</load_address>
         <run_address>0x14ff8</run_address>
         <size>0x18f</size>
         <input_file_ref idref="fl-dc"/>
      </object_component>
      <object_component id="oc-357">
         <name>.debug_info</name>
         <load_address>0x15187</load_address>
         <run_address>0x15187</run_address>
         <size>0x120</size>
         <input_file_ref idref="fl-dc"/>
      </object_component>
      <object_component id="oc-35c">
         <name>.debug_info</name>
         <load_address>0x152a7</load_address>
         <run_address>0x152a7</run_address>
         <size>0x2c</size>
         <input_file_ref idref="fl-dc"/>
      </object_component>
      <object_component id="oc-354">
         <name>.debug_info</name>
         <load_address>0x152d3</load_address>
         <run_address>0x152d3</run_address>
         <size>0x337</size>
         <input_file_ref idref="fl-dd"/>
      </object_component>
      <object_component id="oc-350">
         <name>.debug_info</name>
         <load_address>0x1560a</load_address>
         <run_address>0x1560a</run_address>
         <size>0x109</size>
         <input_file_ref idref="fl-dd"/>
      </object_component>
      <object_component id="oc-30f">
         <name>.debug_info</name>
         <load_address>0x15713</load_address>
         <run_address>0x15713</run_address>
         <size>0x109</size>
         <input_file_ref idref="fl-dd"/>
      </object_component>
      <object_component id="oc-281">
         <name>.debug_info</name>
         <load_address>0x1581c</load_address>
         <run_address>0x1581c</run_address>
         <size>0x289</size>
         <input_file_ref idref="fl-de"/>
      </object_component>
      <object_component id="oc-27e">
         <name>.debug_info</name>
         <load_address>0x15aa5</load_address>
         <run_address>0x15aa5</run_address>
         <size>0x10e</size>
         <input_file_ref idref="fl-de"/>
      </object_component>
      <object_component id="oc-1c1">
         <name>.debug_info</name>
         <load_address>0x15bb3</load_address>
         <run_address>0x15bb3</run_address>
         <size>0x14e</size>
         <input_file_ref idref="fl-de"/>
      </object_component>
      <object_component id="oc-2d">
         <name>.debug_info</name>
         <load_address>0x15d01</load_address>
         <run_address>0x15d01</run_address>
         <size>0x10b</size>
         <input_file_ref idref="fl-df"/>
      </object_component>
      <object_component id="oc-5a">
         <name>.debug_info</name>
         <load_address>0x15e0c</load_address>
         <run_address>0x15e0c</run_address>
         <size>0x1a9</size>
         <input_file_ref idref="fl-df"/>
      </object_component>
      <object_component id="oc-2da">
         <name>.debug_info</name>
         <load_address>0x15fb5</load_address>
         <run_address>0x15fb5</run_address>
         <size>0x295</size>
         <input_file_ref idref="fl-e0"/>
      </object_component>
      <object_component id="oc-263">
         <name>.debug_info</name>
         <load_address>0x1624a</load_address>
         <run_address>0x1624a</run_address>
         <size>0x195</size>
         <input_file_ref idref="fl-e0"/>
      </object_component>
      <object_component id="oc-31e">
         <name>.debug_info</name>
         <load_address>0x163df</load_address>
         <run_address>0x163df</run_address>
         <size>0x39</size>
         <input_file_ref idref="fl-e0"/>
      </object_component>
      <object_component id="oc-2db">
         <name>.debug_info</name>
         <load_address>0x16418</load_address>
         <run_address>0x16418</run_address>
         <size>0x2c</size>
         <input_file_ref idref="fl-e0"/>
      </object_component>
      <object_component id="oc-2e7">
         <name>.debug_info</name>
         <load_address>0x16444</load_address>
         <run_address>0x16444</run_address>
         <size>0x2f8</size>
         <input_file_ref idref="fl-e1"/>
      </object_component>
      <object_component id="oc-268">
         <name>.debug_info</name>
         <load_address>0x1673c</load_address>
         <run_address>0x1673c</run_address>
         <size>0x225</size>
         <input_file_ref idref="fl-e1"/>
      </object_component>
      <object_component id="oc-2e2">
         <name>.debug_info</name>
         <load_address>0x16961</load_address>
         <run_address>0x16961</run_address>
         <size>0x161</size>
         <input_file_ref idref="fl-e2"/>
      </object_component>
      <object_component id="oc-27c">
         <name>.debug_info</name>
         <load_address>0x16ac2</load_address>
         <run_address>0x16ac2</run_address>
         <size>0x28f</size>
         <input_file_ref idref="fl-e3"/>
      </object_component>
      <object_component id="oc-1bc">
         <name>.debug_info</name>
         <load_address>0x16d51</load_address>
         <run_address>0x16d51</run_address>
         <size>0x15a</size>
         <input_file_ref idref="fl-e3"/>
      </object_component>
      <object_component id="oc-2ec">
         <name>.debug_info</name>
         <load_address>0x16eab</load_address>
         <run_address>0x16eab</run_address>
         <size>0x46</size>
         <input_file_ref idref="fl-e3"/>
      </object_component>
      <object_component id="oc-277">
         <name>.debug_info</name>
         <load_address>0x16ef1</load_address>
         <run_address>0x16ef1</run_address>
         <size>0x39</size>
         <input_file_ref idref="fl-e3"/>
      </object_component>
      <object_component id="oc-30d">
         <name>.debug_info</name>
         <load_address>0x16f2a</load_address>
         <run_address>0x16f2a</run_address>
         <size>0x347</size>
         <input_file_ref idref="fl-e4"/>
      </object_component>
      <object_component id="oc-2a6">
         <name>.debug_info</name>
         <load_address>0x17271</load_address>
         <run_address>0x17271</run_address>
         <size>0x18a</size>
         <input_file_ref idref="fl-e4"/>
      </object_component>
      <object_component id="oc-33f">
         <name>.debug_info</name>
         <load_address>0x173fb</load_address>
         <run_address>0x173fb</run_address>
         <size>0x176</size>
         <input_file_ref idref="fl-e5"/>
      </object_component>
      <object_component id="oc-32f">
         <name>.debug_info</name>
         <load_address>0x17571</load_address>
         <run_address>0x17571</run_address>
         <size>0x324</size>
         <input_file_ref idref="fl-e6"/>
      </object_component>
      <object_component id="oc-2fd">
         <name>.debug_info</name>
[...]
      </symbol>
      <symbol id="sm-413">
         <name>__aeabi_memcpy</name>
         <value>0x26b7</value>
         <object_component_ref idref="oc-3a"/>
      </symbol>
      <symbol id="sm-414">
         <name>__aeabi_memcpy8</name>
         <value>0x26b7</value>
         <object_component_ref idref="oc-3a"/>
      </symbol>
      <symbol id="sm-415">
         <name>__aeabi_memcpy4</name>
         <value>0x26b7</value>
         <object_component_ref idref="oc-3a"/>
      </symbol>
      <symbol id="sm-424">
         <name>__aeabi_memset</name>
         <value>0x2983</value>
         <object_component_ref idref="oc-94"/>
      </symbol>
      <symbol id="sm-425">
         <name>memset</name>
         <value>0x2989</value>
         <object_component_ref idref="oc-94"/>
      </symbol>
      <symbol id="sm-426">
         <name>__aeabi_memset8</name>
         <value>0x2983</value>
         <object_component_ref idref="oc-94"/>
      </symbol>
      <symbol id="sm-427">
         <name>__aeabi_memset4</name>
         <value>0x2983</value>
         <object_component_ref idref="oc-94"/>
      </symbol>
      <symbol id="sm-428">
         <name>__aeabi_memclr8</name>
         <value>0x2981</value>
         <object_component_ref idref="oc-94"/>
      </symbol>
      <symbol id="sm-429">
         <name>__aeabi_memclr4</name>
         <value>0x2981</value>
         <object_component_ref idref="oc-94"/>
      </symbol>
      <symbol id="sm-42a">
         <name>__aeabi_memclr</name>
         <value>0x2981</value>
         <object_component_ref idref="oc-94"/>
      </symbol>
      <symbol id="sm-437">
         <name>__aeabi_uldivmod</name>
         <value>0x2753</value>
         <object_component_ref idref="oc-21b"/>
      </symbol>
      <symbol id="sm-44b">
         <name>__TI_zero_init_nomemset</name>
         <value>0x3531</value>
         <object_component_ref idref="oc-46"/>
      </symbol>
      <symbol id="sm-462">
         <name>__TI_decompress_none</name>
         <value>0x3607</value>
         <object_component_ref idref="oc-1d"/>
      </symbol>
      <symbol id="sm-485">
         <name>__TI_decompress_lzss</name>
         <value>0x2c25</value>
         <object_component_ref idref="oc-17"/>
      </symbol>
      <symbol id="sm-4ab">
         <name>C$$EXIT</name>
         <value>0x3641</value>
         <object_component_ref idref="oc-ee"/>
      </symbol>
      <symbol id="sm-4ac">
         <name>abort</name>
         <value>0x3641</value>
         <object_component_ref idref="oc-ee"/>
      </symbol>
      <symbol id="sm-4ad">
         <name>__TI_dtors_ptr</name>
         <value>0x200005e4</value>
         <object_component_ref idref="oc-166"/>
      </symbol>
      <symbol id="sm-4ae">
         <name>__TI_cleanup_ptr</name>
         <value>0x200005e0</value>
         <object_component_ref idref="oc-166"/>
      </symbol>
      <symbol id="sm-4af">
         <name>__TI_enable_exit_profile_output</name>
         <value>0x200005e8</value>
         <object_component_ref idref="oc-166"/>
      </symbol>
      <symbol id="sm-4b0">
         <name>exit</name>
         <value>0x3121</value>
         <object_component_ref idref="oc-f4"/>
      </symbol>
      <symbol id="sm-4c5">
         <name>_nop</name>
         <value>0xb33</value>
         <object_component_ref idref="oc-1d1"/>
      </symbol>
      <symbol id="sm-4c6">
         <name>_lock</name>
         <value>0x200005ec</value>
         <object_component_ref idref="oc-136"/>
      </symbol>
      <symbol id="sm-4c7">
         <name>_unlock</name>
         <value>0x200005f0</value>
         <object_component_ref idref="oc-136"/>
      </symbol>
      <symbol id="sm-4d6">
         <name>__TI_ltoa</name>
         <value>0x2fe3</value>
         <object_component_ref idref="oc-236"/>
      </symbol>
      <symbol id="sm-4ec">
         <name>atoi</name>
         <value>0x30d5</value>
         <object_component_ref idref="oc-18a"/>
      </symbol>
      <symbol id="sm-4f7">
         <name>_ctypes_</name>
         <value>0x3644</value>
         <object_component_ref idref="oc-216"/>
      </symbol>
      <symbol id="sm-50c">
         <name>__TI_tmpnams</name>
         <value>0x20000724</value>
      </symbol>
      <symbol id="sm-50d">
         <name>__aeabi_stdout</name>
         <value>0x200005d8</value>
         <object_component_ref idref="oc-37f"/>
      </symbol>
      <symbol id="sm-50e">
         <name>__aeabi_stderr</name>
         <value>0x200005dc</value>
         <object_component_ref idref="oc-37f"/>
      </symbol>
      <symbol id="sm-50f">
         <name>__aeabi_stdin</name>
         <value>0x200005d4</value>
         <object_component_ref idref="oc-37f"/>
      </symbol>
      <symbol id="sm-510">
         <name>_ftable</name>
         <value>0x20000400</value>
         <object_component_ref idref="oc-139"/>
      </symbol>
      <symbol id="sm-511">
         <name>__TI_ft_end</name>
         <value>0x200005d0</value>
         <object_component_ref idref="oc-37f"/>
      </symbol>
      <symbol id="sm-521">
         <name>memccpy</name>
         <value>0x3569</value>
         <object_component_ref idref="oc-1b3"/>
      </symbol>
      <symbol id="sm-531">
         <name>memchr</name>
         <value>0x3511</value>
         <object_component_ref idref="oc-29e"/>
      </symbol>
      <symbol id="sm-5ba">
         <name>_sys_memory</name>
         <value>0x20000000</value>
         <object_component_ref idref="oc-29"/>
      </symbol>
      <symbol id="sm-5bb">
         <name>free</name>
         <value>0x2445</value>
         <object_component_ref idref="oc-330"/>
      </symbol>
      <symbol id="sm-5bc">
         <name>memalign</name>
         <value>0x2249</value>
         <object_component_ref idref="oc-372"/>
      </symbol>
      <symbol id="sm-5bd">
         <name>malloc</name>
         <value>0x362d</value>
         <object_component_ref idref="oc-336"/>
      </symbol>
      <symbol id="sm-5be">
         <name>aligned_alloc</name>
         <value>0x2249</value>
         <object_component_ref idref="oc-372"/>
      </symbol>
      <symbol id="sm-5ce">
         <name>strchr</name>
         <value>0x35b7</value>
         <object_component_ref idref="oc-26d"/>
      </symbol>
      <symbol id="sm-5dc">
         <name>strlen</name>
         <value>0x35e1</value>
         <object_component_ref idref="oc-184"/>
      </symbol>
      <symbol id="sm-5f6">
         <name>write</name>
         <value>0x34e9</value>
         <object_component_ref idref="oc-2aa"/>
      </symbol>
      <symbol id="sm-607">
         <name>_stream</name>
         <value>0x20000568</value>
         <object_component_ref idref="oc-30e"/>
      </symbol>
      <symbol id="sm-608">
         <name>_device</name>
         <value>0x200004f0</value>
         <object_component_ref idref="oc-34f"/>
      </symbol>
      <symbol id="sm-61e">
         <name>__aeabi_errno_addr</name>
         <value>0x3625</value>
         <object_component_ref idref="oc-1bf"/>
      </symbol>
      <symbol id="sm-61f">
         <name>errno</name>
         <value>0x200005fc</value>
         <object_component_ref idref="oc-27d"/>
      </symbol>
      <symbol id="sm-632">
         <name>__stack</name>
         <value>0x2000fe00</value>
         <object_component_ref idref="oc-2c"/>
      </symbol>
      <symbol id="sm-633">
         <name>_c_int00_noargs</name>
         <value>0x33d9</value>
         <object_component_ref idref="oc-58"/>
      </symbol>
      <symbol id="sm-653">
         <name>frexpl</name>
         <value>0x2cf5</value>
         <object_component_ref idref="oc-261"/>
      </symbol>
      <symbol id="sm-654">
         <name>frexp</name>
         <value>0x2cf5</value>
         <object_component_ref idref="oc-261"/>
      </symbol>
      <symbol id="sm-671">
         <name>scalbn</name>
         <value>0x2139</value>
         <object_component_ref idref="oc-267"/>
      </symbol>
      <symbol id="sm-672">
         <name>scalbnl</name>
         <value>0x2139</value>
         <object_component_ref idref="oc-267"/>
      </symbol>
      <symbol id="sm-673">
         <name>ldexpl</name>
         <value>0x2139</value>
         <object_component_ref idref="oc-267"/>
      </symbol>
      <symbol id="sm-674">
         <name>ldexp</name>
         <value>0x2139</value>
         <object_component_ref idref="oc-267"/>
      </symbol>
      <symbol id="sm-67e">
         <name>copysign</name>
         <value>0x3585</value>
         <object_component_ref idref="oc-2e0"/>
      </symbol>
      <symbol id="sm-67f">
         <name>copysignl</name>
         <value>0x3585</value>
         <object_component_ref idref="oc-2e0"/>
      </symbol>
      <symbol id="sm-698">
         <name>wcslen</name>
         <value>0x35f5</value>
         <object_component_ref idref="oc-1b9"/>
      </symbol>
      <symbol id="sm-6a8">
         <name>__TI_doflush</name>
         <value>0x3089</value>
         <object_component_ref idref="oc-2a4"/>
      </symbol>
      <symbol id="sm-6b8">
         <name>__TI_cleanup</name>
         <value>0x3371</value>
         <object_component_ref idref="oc-33c"/>
      </symbol>
      <symbol id="sm-6ca">
         <name>fseek</name>
         <value>0x2d59</value>
         <object_component_ref idref="oc-2fc"/>
      </symbol>
      <symbol id="sm-6d4">
         <name>__aeabi_idiv0</name>
         <value>0x1c8b</value>
         <object_component_ref idref="oc-2c7"/>
      </symbol>
      <symbol id="sm-6d5">
         <name>__aeabi_ldiv0</name>
         <value>0x1c8b</value>
         <object_component_ref idref="oc-2c7"/>
      </symbol>
      <symbol id="sm-6fd">
         <name>__TI_auto_init_nobinit_nopinit</name>
         <value>0x3239</value>
         <object_component_ref idref="oc-fa"/>
      </symbol>
      <symbol id="sm-707">
         <name>_system_pre_init</name>
         <value>0x363d</value>
         <object_component_ref idref="oc-9a"/>
      </symbol>
      <symbol id="sm-71a">
         <name>HOSTclose</name>
         <value>0x31b1</value>
         <object_component_ref idref="oc-38b"/>
      </symbol>
      <symbol id="sm-72b">
         <name>HOSTlseek</name>
         <value>0x2bbd</value>
         <object_component_ref idref="oc-39d"/>
      </symbol>
      <symbol id="sm-73d">
         <name>parmbuf</name>
         <value>0x200007c4</value>
      </symbol>
      <symbol id="sm-73e">
         <name>HOSTopen</name>
         <value>0x2e21</value>
         <object_component_ref idref="oc-385"/>
      </symbol>
      <symbol id="sm-74f">
         <name>HOSTread</name>
         <value>0x2edd</value>
         <object_component_ref idref="oc-391"/>
      </symbol>
      <symbol id="sm-760">
         <name>HOSTrename</name>
         <value>0x2b51</value>
         <object_component_ref idref="oc-3a9"/>
      </symbol>
      <symbol id="sm-771">
         <name>HOSTunlink</name>
         <value>0x31f5</value>
         <object_component_ref idref="oc-3a3"/>
      </symbol>
      <symbol id="sm-782">
         <name>HOSTwrite</name>
         <value>0x2f35</value>
         <object_component_ref idref="oc-397"/>
      </symbol>
      <symbol id="sm-7a6">
         <name>__TI_readmsg</name>
         <value>0x33a5</value>
         <object_component_ref idref="oc-3d8"/>
      </symbol>
      <symbol id="sm-7a7">
         <name>C$$IO$$</name>
         <value>0x332f</value>
         <object_component_ref idref="oc-3d2"/>
      </symbol>
      <symbol id="sm-7a8">
         <name>__CIOBUF_</name>
         <value>0x20000604</value>
         <object_component_ref idref="oc-403"/>
      </symbol>
      <symbol id="sm-7a9">
         <name>__TI_writemsg</name>
         <value>0x3301</value>
         <object_component_ref idref="oc-3d2"/>
      </symbol>
      <symbol id="sm-7ba">
         <name>lseek</name>
         <value>0x34c1</value>
         <object_component_ref idref="oc-328"/>
      </symbol>
      <symbol id="sm-7cf">
         <name>__TI_closefile</name>
         <value>0x29fd</value>
         <object_component_ref idref="oc-379"/>
      </symbol>
      <symbol id="sm-7f2">
         <name>finddevice</name>
         <value>0x340d</value>
         <object_component_ref idref="oc-421"/>
      </symbol>
      <symbol id="sm-7f3">
         <name>getdevice</name>
         <value>0x327d</value>
         <object_component_ref idref="oc-3f9"/>
      </symbol>
      <symbol id="sm-802">
         <name>strcmp</name>
         <value>0x359f</value>
         <object_component_ref idref="oc-438"/>
      </symbol>
      <symbol id="sm-810">
         <name>strcpy</name>
         <value>0x35cd</value>
         <object_component_ref idref="oc-3ec"/>
      </symbol>
      <symbol id="sm-820">
         <name>strncpy</name>
         <value>0x3339</value>
         <object_component_ref idref="oc-41b"/>
      </symbol>
      <symbol id="sm-835">
         <name>close</name>
         <value>0x2e81</value>
         <object_component_ref idref="oc-3c1"/>
      </symbol>
      <symbol id="sm-845">
         <name>unlink</name>
         <value>0x346d</value>
         <object_component_ref idref="oc-3c7"/>
      </symbol>
      <symbol id="sm-846">
         <name>__TI_static_base__</name>
         <value>0x0</value>
      </symbol>
      <symbol id="sm-849">
         <name>__mpu_init</name>
         <value>0x0</value>
      </symbol>
      <symbol id="sm-84a">
         <name>_system_post_cinit</name>
         <value>0x0</value>
      </symbol>
      <symbol id="sm-84b">
         <name>NMI_Handler</name>
         <value>0x3621</value>
      </symbol>
      <symbol id="sm-84c">
         <name>HardFault_Handler</name>
         <value>0x3621</value>
      </symbol>
      <symbol id="sm-84d">
         <name>MemManage_Handler</name>
         <value>0x3621</value>
      </symbol>
      <symbol id="sm-84e">
         <name>BusFault_Handler</name>
         <value>0x3621</value>
      </symbol>
      <symbol id="sm-84f">
         <name>UsageFault_Handler</name>
         <value>0x3621</value>
      </symbol>
      <symbol id="sm-850">
         <name>SVC_Handler</name>
         <value>0x3621</value>
      </symbol>
      <symbol id="sm-851">
         <name>DebugMon_Handler</name>
         <value>0x3621</value>
      </symbol>
      <symbol id="sm-852">
         <name>PendSV_Handler</name>
         <value>0x3621</value>
      </symbol>
      <symbol id="sm-853">
         <name>SysTick_Handler</name>
         <value>0x3621</value>
      </symbol>
      <symbol id="sm-854">
         <name>PSS_IRQHandler</name>
         <value>0x3621</value>
      </symbol>
      <symbol id="sm-855">
         <name>CS_IRQHandler</name>
         <value>0x3621</value>
      </symbol>
      <symbol id="sm-856">
         <name>PCM_IRQHandler</name>
         <value>0x3621</value>
      </symbol>
      <symbol id="sm-857">
         <name>WDT_A_IRQHandler</name>
         <value>0x3621</value>
      </symbol>
      <symbol id="sm-858">
         <name>FPU_IRQHandler</name>
         <value>0x3621</value>
      </symbol>
      <symbol id="sm-859">
         <name>FLCTL_IRQHandler</name>
         <value>0x3621</value>
      </symbol>
      <symbol id="sm-85a">
         <name>COMP_E0_IRQHandler</name>
         <value>0x3621</value>
      </symbol>
      <symbol id="sm-85b">
         <name>COMP_E1_IRQHandler</name>
         <value>0x3621</value>
      </symbol>
      <symbol id="sm-85c">
         <name>TA0_0_IRQHandler</name>
         <value>0x3621</value>
      </symbol>
      <symbol id="sm-85d">
         <name>TA0_N_IRQHandler</name>
         <value>0x3621</value>
      </symbol>
      <symbol id="sm-85e">
         <name>TA1_0_IRQHandler</name>
         <value>0x3621</value>
      </symbol>
      <symbol id="sm-85f">
         <name>TA1_N_IRQHandler</name>
         <value>0x3621</value>
      </symbol>
      <symbol id="sm-860">
         <name>TA2_0_IRQHandler</name>
         <value>0x3621</value>
      </symbol>
      <symbol id="sm-861">
         <name>TA2_N_IRQHandler</name>
         <value>0x3621</value>
      </symbol>
      <symbol id="sm-862">
         <name>TA3_0_IRQHandler</name>
         <value>0xdd5</value>
      </symbol>
      <symbol id="sm-863">
         <name>TA3_N_IRQHandler</name>
         <value>0xdc1</value>
      </symbol>
      <symbol id="sm-864">
         <name>EUSCIA0_IRQHandler</name>
         <value>0x3621</value>
      </symbol>
      <symbol id="sm-865">
         <name>EUSCIA1_IRQHandler</name>
         <value>0x3621</value>
      </symbol>
      <symbol id="sm-866">
         <name>EUSCIA2_IRQHandler</name>
         <value>0x3621</value>
      </symbol>
      <symbol id="sm-867">
         <name>EUSCIA3_IRQHandler</name>
         <value>0x3621</value>
      </symbol>
      <symbol id="sm-868">
         <name>EUSCIB0_IRQHandler</name>
         <value>0x3621</value>
      </symbol>
      <symbol id="sm-869">
         <name>EUSCIB1_IRQHandler</name>
         <value>0x3621</value>
      </symbol>
      <symbol id="sm-86a">
         <name>EUSCIB2_IRQHandler</name>
         <value>0x3621</value>
      </symbol>
      <symbol id="sm-86b">
         <name>EUSCIB3_IRQHandler</name>
         <value>0x3621</value>
      </symbol>
      <symbol id="sm-86c">
         <name>ADC14_IRQHandler</name>
         <value>0x3621</value>
      </symbol>
      <symbol id="sm-86d">
         <name>T32_INT1_IRQHandler</name>
         <value>0x3621</value>
      </symbol>
      <symbol id="sm-86e">
         <name>T32_INT2_IRQHandler</name>
         <value>0x3621</value>
      </symbol>
      <symbol id="sm-86f">
         <name>T32_INTC_IRQHandler</name>
         <value>0x3621</value>
      </symbol>
      <symbol id="sm-870">
         <name>AES256_IRQHandler</name>
         <value>0x3621</value>
      </symbol>
      <symbol id="sm-871">
         <name>RTC_C_IRQHandler</name>
         <value>0x3621</value>
      </symbol>
      <symbol id="sm-872">
         <name>DMA_ERR_IRQHandler</name>
         <value>0x3621</value>
      </symbol>
      <symbol id="sm-873">
         <name>DMA_INT3_IRQHandler</name>
         <value>0x3621</value>
      </symbol>
      <symbol id="sm-874">
         <name>DMA_INT2_IRQHandler</name>
         <value>0x3621</value>
      </symbol>
      <symbol id="sm-875">
         <name>DMA_INT1_IRQHandler</name>
         <value>0x3621</value>
      </symbol>
      <symbol id="sm-876">
         <name>DMA_INT0_IRQHandler</name>
         <value>0x3621</value>
      </symbol>
      <symbol id="sm-877">
         <name>PORT1_IRQHandler</name>
         <value>0x3621</value>
      </symbol>
      <symbol id="sm-878">
         <name>PORT2_IRQHandler</name>
         <value>0x3621</value>
      </symbol>
      <symbol id="sm-879">
         <name>PORT3_IRQHandler</name>
         <value>0x3621</value>
      </symbol>
      <symbol id="sm-87a">
         <name>PORT4_IRQHandler</name>
         <value>0x3621</value>
      </symbol>
      <symbol id="sm-87b">
         <name>PORT5_IRQHandler</name>
         <value>0x3621</value>
      </symbol>
      <symbol id="sm-87c">
         <name>PORT6_IRQHandler</name>
         <value>0x3621</value>
      </symbol>
      <symbol id="sm-87d">
         <name>remove</name>
         <value>0x346d</value>
      </symbol>
   </symbol_table>
   <title>Link successful</title>
</link_info>
